// Jest Snapshot v1, https://goo.gl/fbAQLP

exports[`NotFoundTemplate renders correctly 1`] = `
<div
  className="layout"
>
  <div
    className="sidebar"
  >
    <div
      className="sidebar__inner"
    >
      <div
        className="author"
      >
        <a
          href="/"
        >
          <img
            alt="juju"
            className="author__photo"
            height="75"
            src="/some-path.jpg"
            width="75"
          />
        </a>
        <h2
          className="author__title"
        >
          <a
            className="author__title-link"
            href="/"
          >
            juju
          </a>
        </h2>
        <p
          className="author__subtitle"
        >
          it's me fireball and the summer is killing
        </p>
      </div>
    </div>
  </div>
  <div
    className="page"
  >
    <div
      className="page__inner"
    >
      <h1
        className="page__title"
      >
        NOT FOUND
      </h1>
      <div
        className="page__body"
      >
        <p>
          You just hit a route that doesn't exist... the sadness.
        </p>
      </div>
    </div>
  </div>
</div>
`;
